// Jest Snapshot v1, https://goo.gl/fbAQLP

exports[`renders a button 1`] = `
<button
  className="Buttonstyled__Primary-sc-1fwfac-0 bLoHSc"
  onClick={[Function]}
  type="Primary"
>
  test
</button>
`;
